
> temp_app@0.1.0 build
> next build

   Ôľ▓ Next.js 15.2.0
   - Environments: .env

   Creating an optimized production build ...
 Ôťô Compiled successfully
   Linting and checking validity of types ...
node.exe : 
At line:1 char:1
+ & "C:\Program Files\
nodejs/node.exe" "C:\P
rogram Files\nodejs/no
de_mo ...
+ ~~~~~~~~~~~~~~~~~~~~
~~~~~~~~~~~~~~~~~~~~~~
~~~~~~~~~~~~~~~~~~~~~~
~~~~~
    + CategoryInfo    
          : NotSpeci  
  fied: (:String) [   
 ], RemoteExceptio    
n
    + FullyQualifiedE 
   rrorId : NativeCo  
  mmandError
 
Failed to compile.

./src/app/actions/invo
ices.ts
59:18  Error: Unexpect
ed any. Specify a diff
erent type.  @typescri
pt-eslint/no-explicit-
any
74:18  Error: Unexpect
ed any. Specify a diff
erent type.  @typescri
pt-eslint/no-explicit-
any
133:18  Error: Unexpec
ted any. Specify a dif
ferent type.  @typescr
ipt-eslint/no-explicit
-any
147:18  Error: Unexpec
ted any. Specify a dif
ferent type.  @typescr
ipt-eslint/no-explicit
-any

./src/app/actions/tran
sactions.ts
50:14  Error: Unexpect
ed any. Specify a diff
erent type.  @typescri
pt-eslint/no-explicit-
any

./src/lib/ledger.ts
54:11  Error: Unexpect
ed any. Specify a diff
erent type.  @typescri
pt-eslint/no-explicit-
any
64:39  Error: Unexpect
ed any. Specify a diff
erent type.  @typescri
pt-eslint/no-explicit-
any
80:12  Error: Unexpect
ed any. Specify a diff
erent type.  @typescri
pt-eslint/no-explicit-
any

info  - Need to disabl
e some ESLint rules? L
earn more here: https:
//nextjs.org/docs/app/
api-reference/config/e
slint#disabling-rules
