src/app/api/intake/ocr-draft/route.ts(68,9): error TS2322: Type 'string | undefined' is not assignable to type 'string'.
  Type 'undefined' is not assignable to type 'string'.
src/app/api/intake/ocr-draft/route.ts(72,9): error TS2322: Type 'string | undefined' is not assignable to type 'string | null'.
  Type 'undefined' is not assignable to type 'string | null'.
src/app/settings/page.tsx(6,10): error TS2305: Module '"@/app/actions/admin"' has no exported member 'resetOperationalData'.
src/components/finance/ConfirmPaymentButton.tsx(15,10): error TS2305: Module '"@/app/actions/invoices"' has no exported member 'markInvoiceAsPaid'.
